2025-08-27 14:36:35 - root - INFO - Logging system initialized with rotation
2025-08-27 14:48:11 - root - INFO - Logging system initialized successfully
2025-08-27 14:50:50 - root - INFO - Logging system initialized successfully
2025-08-27 14:53:23 - root - INFO - Logging system initialized successfully
2025-08-27 14:55:50 - root - INFO - Logging system initialized successfully
